[transvelo.github.io/pizzaro-html/index.html]
[backblue.gif]
[fade.gif]
[index.html]
[transvelo.github.io/pizzaro-html/assets/css/bootstrap.min.css]
[transvelo.github.io/pizzaro-html/assets/css/font-awesome.min.css]
[transvelo.github.io/pizzaro-html/assets/css/animate.min.css]
[transvelo.github.io/pizzaro-html/assets/css/font-pizzaro.css]
[transvelo.github.io/pizzaro-html/assets/css/style.css]
[transvelo.github.io/pizzaro-html/assets/css/colors/red.css]
[transvelo.github.io/pizzaro-html/assets/css/jquery.mCustomScrollbar.min.css]
[transvelo.github.io/pizzaro-html/assets/css/config.css]
[transvelo.github.io/pizzaro-html/assets/css/colors/green.css]
[transvelo.github.io/pizzaro-html/assets/css/colors/pink.css]
[transvelo.github.io/pizzaro-html/assets/css/colors/blue.css]
[transvelo.github.io/pizzaro-html/assets/css/colors/orange.css]
[transvelo.github.io/pizzaro-html/assets/css/colors/gold.css]
[transvelo.github.io/pizzaro-html/assets/css/colors/navy.css]
[transvelo.github.io/pizzaro-html/assets/css/colors/flat-blue.css]
[transvelo.github.io/pizzaro-html/assets/images/fav-icon.png]
[transvelo.github.io/pizzaro-html/shop-grid-3-column.html]
[transvelo.github.io/pizzaro-html/about.html]
[transvelo.github.io/pizzaro-html/home-v2.html]
[transvelo.github.io/pizzaro-html/home-v3.html]
[transvelo.github.io/pizzaro-html/home-v4.html]
[transvelo.github.io/pizzaro-html/home-v5.html]
[transvelo.github.io/pizzaro-html/home-v6.html]
[transvelo.github.io/pizzaro-html/home-v7.html]
[transvelo.github.io/pizzaro-html/login-and-register.html]
[transvelo.github.io/pizzaro-html/track-order.html]
[transvelo.github.io/pizzaro-html/shop-grid-4-column.html]
[transvelo.github.io/pizzaro-html/shop-grid-6-column.html]
[transvelo.github.io/pizzaro-html/shop-listing.html]
[transvelo.github.io/pizzaro-html/shop-list-2-column.html]
[transvelo.github.io/pizzaro-html/shop-list-no-images.html]
[transvelo.github.io/pizzaro-html/shop-list-no-images-parallax.html]
[transvelo.github.io/pizzaro-html/shop-sidebar-grid-3-column.html]
[transvelo.github.io/pizzaro-html/shop-sidebar-listing.html]
[transvelo.github.io/pizzaro-html/shop-sidebar-list-2-column.html]
[transvelo.github.io/pizzaro-html/shop-dark-grid-3-column.html]
[transvelo.github.io/pizzaro-html/shop-dark_list.html]
[transvelo.github.io/pizzaro-html/shop-dark_list-2-column.html]
[transvelo.github.io/pizzaro-html/shop-dark-list-no-images.html]
[transvelo.github.io/pizzaro-html/blog.html]
[transvelo.github.io/pizzaro-html/blog-full-width.html]
[transvelo.github.io/pizzaro-html/blog-full-width-grid.html]
[transvelo.github.io/pizzaro-html/blog-grid.html]
[transvelo.github.io/pizzaro-html/single-product-v1.html]
[transvelo.github.io/pizzaro-html/single-product-v2.html]
[transvelo.github.io/pizzaro-html/single-product-v3.html]
[transvelo.github.io/pizzaro-html/contact.html]
[transvelo.github.io/pizzaro-html/terms-and-conditions.html]
[transvelo.github.io/pizzaro-html/faq-v1.html]
[transvelo.github.io/pizzaro-html/faq-v2.html]
[transvelo.github.io/pizzaro-html/404.html]
[transvelo.github.io/pizzaro-html/store-locator.html]
[transvelo.github.io/pizzaro-html/cart.html]
[transvelo.github.io/pizzaro-html/assets/images/slider/homepage-slider-1.jpg]
[transvelo.github.io/pizzaro-html/assets/images/slider/homepage-slider-2.jpg]
[transvelo.github.io/pizzaro-html/assets/images/slider/homepage-slider-3.jpg]
[transvelo.github.io/pizzaro-html/assets/images/slider/homepage-slider-4.jpg]
[transvelo.github.io/pizzaro-html/assets/images/homepage-banners/1.jpg]
[transvelo.github.io/pizzaro-html/assets/images/homepage-banners/2.jpg]
[transvelo.github.io/pizzaro-html/assets/images/homepage-banners/3.jpg]
[transvelo.github.io/pizzaro-html/assets/images/homepage-banners/4.jpg]
[transvelo.github.io/pizzaro-html/assets/images/products/p1.jpg]
[transvelo.github.io/pizzaro-html/assets/images/products/p2.jpg]
[transvelo.github.io/pizzaro-html/assets/images/products/p3.jpg]
[transvelo.github.io/pizzaro-html/assets/images/products/p4.jpg]
[transvelo.github.io/pizzaro-html/assets/images/products/p5.jpg]
[transvelo.github.io/pizzaro-html/assets/images/products/p6.jpg]
[transvelo.github.io/pizzaro-html/assets/images/products/p7.jpg]
[transvelo.github.io/pizzaro-html/assets/images/products/p8.jpg]
[transvelo.github.io/pizzaro-html/assets/images/products/p9.jpg]
[transvelo.github.io/pizzaro-html/assets/images/homepage-banners/5.jpg]
[transvelo.github.io/pizzaro-html/assets/images/products/p10.jpg]
[transvelo.github.io/pizzaro-html/assets/images/homepage-banners/6.png]
[transvelo.github.io/pizzaro-html/assets/images/footer/1.jpg]
[transvelo.github.io/pizzaro-html/assets/images/footer/2.jpg]
[transvelo.github.io/pizzaro-html/assets/images/footer/3.jpg]
[transvelo.github.io/pizzaro-html/assets/images/footer/4.jpg]
[transvelo.github.io/pizzaro-html/assets/images/footer/5.jpg]
[transvelo.github.io/pizzaro-html/assets/images/footer/6.jpg]
[transvelo.github.io/pizzaro-html/home-v1.html]
[transvelo.github.io/pizzaro-html/checkout.html]
[transvelo.github.io/pizzaro-html/order-received.html]
[transvelo.github.io/pizzaro-html/assets/js/jquery.min.js]
[transvelo.github.io/pizzaro-html/assets/js/tether.min.js]
[transvelo.github.io/pizzaro-html/assets/js/bootstrap.min.js]
[transvelo.github.io/pizzaro-html/assets/js/owl.carousel.min.js]
[transvelo.github.io/pizzaro-html/assets/js/social.share.min.js]
[transvelo.github.io/pizzaro-html/assets/js/jquery.mCustomScrollbar.concat.min.js]
[transvelo.github.io/pizzaro-html/assets/js/scripts.min.js]
[transvelo.github.io/pizzaro-html/switchstylesheet/switchstylesheet.js]
[transvelo.github.io/pizzaro-html/index.html]
[transvelo.github.io/pizzaro-html/assets/fonts/glyphicons-halflings-regular.eot]
[transvelo.github.io/pizzaro-html/assets/fonts/glyphicons-halflings-regulard41d.eot]
[transvelo.github.io/pizzaro-html/assets/fonts/glyphicons-halflings-regular.woff2]
[transvelo.github.io/pizzaro-html/assets/fonts/glyphicons-halflings-regular.woff]
[transvelo.github.io/pizzaro-html/assets/fonts/glyphicons-halflings-regular.ttf]
[transvelo.github.io/pizzaro-html/assets/fonts/glyphicons-halflings-regular.svg]
[transvelo.github.io/pizzaro-html/assets/css/bootstrap.min.css]
[transvelo.github.io/pizzaro-html/assets/fonts/fontawesome-webfont914c.eot]
[transvelo.github.io/pizzaro-html/assets/fonts/fontawesome-webfontd41d.eot]
[transvelo.github.io/pizzaro-html/assets/fonts/fontawesome-webfont914c.woff2]
[transvelo.github.io/pizzaro-html/assets/fonts/fontawesome-webfont914c.woff]
[transvelo.github.io/pizzaro-html/assets/fonts/fontawesome-webfont914c.ttf]
[transvelo.github.io/pizzaro-html/assets/css/font-awesome.min.css]
[transvelo.github.io/pizzaro-html/assets/css/animate.min.css]
[transvelo.github.io/pizzaro-html/assets/fonts/fontawesome-webfont914c.svg]
[transvelo.github.io/pizzaro-html/assets/fonts/font-pizzaro.eot]
[transvelo.github.io/pizzaro-html/assets/fonts/font-pizzarod41d.eot]
[transvelo.github.io/pizzaro-html/assets/fonts/font-pizzaro.woff]
[transvelo.github.io/pizzaro-html/assets/fonts/font-pizzaro.ttf]
[transvelo.github.io/pizzaro-html/assets/css/font-pizzaro.css]
[transvelo.github.io/pizzaro-html/assets/fonts/font-pizzaro.svg]
[transvelo.github.io/pizzaro-html/assets/css/assets/images/grid.png]
[transvelo.github.io/pizzaro-html/assets/css/assets/images/dark-pat.jpg]
[transvelo.github.io/pizzaro-html/assets/images/dark-pat.jpg]
[transvelo.github.io/pizzaro-html/assets/css/assets/images/credit-cards/unknown.svg]
[transvelo.github.io/pizzaro-html/assets/css/assets/images/credit-cards/visa.svg]
[transvelo.github.io/pizzaro-html/assets/css/assets/images/credit-cards/mastercard.svg]
[transvelo.github.io/pizzaro-html/assets/css/assets/images/credit-cards/laser.svg]
[transvelo.github.io/pizzaro-html/assets/css/assets/images/credit-cards/diners.svg]
[transvelo.github.io/pizzaro-html/assets/css/assets/images/credit-cards/maestro.svg]
[transvelo.github.io/pizzaro-html/assets/css/assets/images/credit-cards/jcb.svg]
[transvelo.github.io/pizzaro-html/assets/css/assets/images/credit-cards/amex.svg]
[transvelo.github.io/pizzaro-html/assets/css/assets/images/credit-cards/discover.svg]
[transvelo.github.io/pizzaro-html/assets/css/style.css]
[transvelo.github.io/pizzaro-html/assets/css/colors/red.css]
[transvelo.github.io/pizzaro-html/assets/css/mCSB_buttons.png]
[transvelo.github.io/pizzaro-html/assets/css/jquery.mCustomScrollbar.min.css]
[transvelo.github.io/pizzaro-html/assets/css/config.css]
[transvelo.github.io/pizzaro-html/assets/css/colors/green.css]
[transvelo.github.io/pizzaro-html/assets/css/colors/pink.css]
[transvelo.github.io/pizzaro-html/assets/css/colors/blue.css]
[transvelo.github.io/pizzaro-html/assets/css/colors/orange.css]
[transvelo.github.io/pizzaro-html/assets/css/colors/gold.css]
[transvelo.github.io/pizzaro-html/assets/css/colors/navy.css]
[transvelo.github.io/pizzaro-html/assets/css/colors/flat-blue.css]
[transvelo.github.io/pizzaro-html/shop-grid-3-column.html]
[transvelo.github.io/pizzaro-html/assets/images/about-bg.jpg]
[transvelo.github.io/pizzaro-html/assets/images/about-column-1.jpg]
[transvelo.github.io/pizzaro-html/assets/images/about-column-2.jpg]
[transvelo.github.io/pizzaro-html/assets/images/about-column-3.jpg]
[transvelo.github.io/pizzaro-html/assets/images/about-banner.jpg]
[transvelo.github.io/pizzaro-html/assets/images/brand.png]
[transvelo.github.io/pizzaro-html/about.html]
[transvelo.github.io/pizzaro-html/assets/images/products/mini.jpg]
[transvelo.github.io/pizzaro-html/assets/images/home-v2-gallery/2.jpg]
[transvelo.github.io/pizzaro-html/assets/images/home-v2-gallery/3.jpg]
[transvelo.github.io/pizzaro-html/assets/images/products/p5.png]
[transvelo.github.io/pizzaro-html/assets/images/products/p4.png]
[transvelo.github.io/pizzaro-html/assets/images/products/p2.png]
[transvelo.github.io/pizzaro-html/assets/images/products/p1.png]
[transvelo.github.io/pizzaro-html/assets/images/products/p3.png]
[transvelo.github.io/pizzaro-html/assets/images/home-v2-gallery/1.png]
[transvelo.github.io/pizzaro-html/assets/images/home-v2-gallery/4.jpg]
[transvelo.github.io/pizzaro-html/assets/images/home-v2-gallery/5.jpg]
[transvelo.github.io/pizzaro-html/assets/images/homepage-banners/gallery/gallery-1.jpg]
[transvelo.github.io/pizzaro-html/assets/images/homepage-banners/gallery/gallery-2.jpg]
[transvelo.github.io/pizzaro-html/assets/images/homepage-banners/gallery/gallery-3.jpg]
[transvelo.github.io/pizzaro-html/assets/images/homepage-banners/gallery/gallery-4.jpg]
[transvelo.github.io/pizzaro-html/assets/images/home-v2-gallery/6.jpg]
[transvelo.github.io/pizzaro-html/assets/images/homepage-banners/gallery/gallery-12.jpg]
[transvelo.github.io/pizzaro-html/assets/images/homepage-banners/gallery/gallery-10.jpg]
[transvelo.github.io/pizzaro-html/assets/images/homepage-banners/7.jpg]
[transvelo.github.io/pizzaro-html/assets/images/homepage-banners/8.jpg]
[transvelo.github.io/pizzaro-html/assets/images/homepage-banners/9.jpg]
[transvelo.github.io/pizzaro-html/assets/images/homepage-banners/gallery/gallery-5.jpg]
[transvelo.github.io/pizzaro-html/assets/images/homepage-banners/gallery/gallery-6.jpg]
[transvelo.github.io/pizzaro-html/assets/images/homepage-banners/gallery/gallery-7.jpg]
[transvelo.github.io/pizzaro-html/assets/images/homepage-banners/gallery/gallery-8.jpg]
[transvelo.github.io/pizzaro-html/assets/images/homepage-banners/gallery/gallery-9.jpg]
[transvelo.github.io/pizzaro-html/assets/images/homepage-banners/gallery/gallery-11.jpg]
[transvelo.github.io/pizzaro-html/assets/images/homepage-banners/10.jpg]
[transvelo.github.io/pizzaro-html/assets/images/footer/about.jpg]
[transvelo.github.io/pizzaro-html/home-v2.html]
[transvelo.github.io/pizzaro-html/assets/images/homepage-banners/11.jpg]
[transvelo.github.io/pizzaro-html/assets/images/homepage-banners/12.jpg]
[transvelo.github.io/pizzaro-html/assets/images/homepage-banners/13.jpg]
[transvelo.github.io/pizzaro-html/assets/images/homepage-banners/14.jpg]
[transvelo.github.io/pizzaro-html/assets/images/homepage-banners/15.jpg]
[transvelo.github.io/pizzaro-html/assets/images/homepage-banners/16.jpg]
[transvelo.github.io/pizzaro-html/assets/images/homepage-banners/17.jpg]
[transvelo.github.io/pizzaro-html/assets/images/homepage-banners/18.jpg]
[transvelo.github.io/pizzaro-html/assets/images/homepage-banners/19.jpg]
[transvelo.github.io/pizzaro-html/home-v3.html]
[transvelo.github.io/pizzaro-html/assets/images/homepage-banners/20.jpg]
[transvelo.github.io/pizzaro-html/home-v4.html]
[transvelo.github.io/pizzaro-html/assets/images/homepage-banners/21.jpg]
[transvelo.github.io/pizzaro-html/assets/images/homepage-banners/22.jpg]
[transvelo.github.io/pizzaro-html/assets/images/homepage-banners/23.jpg]
[transvelo.github.io/pizzaro-html/assets/images/homepage-banners/24.jpg]
[transvelo.github.io/pizzaro-html/assets/images/homepage-banners/25.jpg]
[transvelo.github.io/pizzaro-html/assets/images/homepage-banners/26.jpg]
[transvelo.github.io/pizzaro-html/home-v5.html]
[transvelo.github.io/pizzaro-html/assets/images/homepage-banners/27.jpg]
[transvelo.github.io/pizzaro-html/assets/images/homepage-banners/28.jpg]
[transvelo.github.io/pizzaro-html/assets/images/homepage-banners/29.jpg]
[transvelo.github.io/pizzaro-html/assets/images/products/3.jpg]
[transvelo.github.io/pizzaro-html/assets/images/products/4.jpg]
[transvelo.github.io/pizzaro-html/assets/images/products/5.jpg]
[transvelo.github.io/pizzaro-html/assets/images/products/p28.jpg]
[transvelo.github.io/pizzaro-html/assets/images/products/p29.jpg]
[transvelo.github.io/pizzaro-html/assets/images/products/6.jpg]
[transvelo.github.io/pizzaro-html/assets/images/products/7.jpg]
[transvelo.github.io/pizzaro-html/assets/images/products/p30.jpg]
[transvelo.github.io/pizzaro-html/assets/images/products/8.jpg]
[transvelo.github.io/pizzaro-html/assets/images/homepage-banners/30.jpg]
[transvelo.github.io/pizzaro-html/home-v6.html]
[transvelo.github.io/pizzaro-html/assets/images/homepage-banners/31.jpg]
[transvelo.github.io/pizzaro-html/assets/images/homepage-banners/32.jpg]
[transvelo.github.io/pizzaro-html/assets/images/homepage-banners/33.jpg]
[transvelo.github.io/pizzaro-html/assets/images/homepage-banners/34.jpg]
[transvelo.github.io/pizzaro-html/assets/images/homepage-banners/35.jpg]
[transvelo.github.io/pizzaro-html/blog-single.html]
[transvelo.github.io/pizzaro-html/assets/images/blog/blog-2.jpg]
[transvelo.github.io/pizzaro-html/assets/images/blog/blog-3.jpg]
[transvelo.github.io/pizzaro-html/assets/images/blog/blog-4.jpg]
[transvelo.github.io/pizzaro-html/home-v7.html]
[transvelo.github.io/pizzaro-html/login-and-register.html]
[transvelo.github.io/pizzaro-html/track-order.html]
[transvelo.github.io/pizzaro-html/shop-grid-4-column.html]
[transvelo.github.io/pizzaro-html/shop-grid-6-column.html]
[transvelo.github.io/pizzaro-html/assets/images/products/9.jpg]
[transvelo.github.io/pizzaro-html/assets/images/products/10.jpg]
[transvelo.github.io/pizzaro-html/assets/images/products/11.jpg]
[transvelo.github.io/pizzaro-html/assets/images/products/12.jpg]
[transvelo.github.io/pizzaro-html/assets/images/products/13.jpg]
[transvelo.github.io/pizzaro-html/assets/images/products/14.jpg]
[transvelo.github.io/pizzaro-html/shop-listing.html]
[transvelo.github.io/pizzaro-html/shop-list-2-column.html]
[transvelo.github.io/pizzaro-html/shop-list-no-images.html]
[transvelo.github.io/pizzaro-html/assets/images/banner-1.jpg]
[transvelo.github.io/pizzaro-html/assets/images/banner-2.jpg]
[transvelo.github.io/pizzaro-html/assets/images/banner-3.jpg]
[transvelo.github.io/pizzaro-html/shop-list-no-images-parallax.html]
[transvelo.github.io/pizzaro-html/assets/images/blog/sidebar-product-1.jpg]
[transvelo.github.io/pizzaro-html/assets/images/blog/sidebar-product-2.jpg]
[transvelo.github.io/pizzaro-html/assets/images/blog/sidebar-product-3.jpg]
[transvelo.github.io/pizzaro-html/assets/images/blog/sidebar-product-4.jpg]
[transvelo.github.io/pizzaro-html/shop-sidebar-grid-3-column.html]
[transvelo.github.io/pizzaro-html/shop-sidebar-listing.html]
[transvelo.github.io/pizzaro-html/shop-sidebar-list-2-column.html]
[transvelo.github.io/pizzaro-html/assets/images/products/p11.jpg]
[transvelo.github.io/pizzaro-html/assets/images/products/p12.jpg]
[transvelo.github.io/pizzaro-html/assets/images/products/p13.jpg]
[transvelo.github.io/pizzaro-html/assets/images/products/p14.jpg]
[transvelo.github.io/pizzaro-html/assets/images/products/p15.jpg]
[transvelo.github.io/pizzaro-html/assets/images/products/p16.jpg]
[transvelo.github.io/pizzaro-html/assets/images/products/p17.jpg]
[transvelo.github.io/pizzaro-html/assets/images/products/p18.jpg]
[transvelo.github.io/pizzaro-html/assets/images/products/p19.jpg]
[transvelo.github.io/pizzaro-html/shop-dark-grid-3-column.html]
[transvelo.github.io/pizzaro-html/shop-dark_list.html]
[transvelo.github.io/pizzaro-html/assets/images/products/p20.jpg]
[transvelo.github.io/pizzaro-html/assets/images/products/p21.jpg]
[transvelo.github.io/pizzaro-html/assets/images/products/p22.jpg]
[transvelo.github.io/pizzaro-html/assets/images/products/p23.jpg]
[transvelo.github.io/pizzaro-html/assets/images/products/p24.jpg]
[transvelo.github.io/pizzaro-html/assets/images/products/p25.jpg]
[transvelo.github.io/pizzaro-html/assets/images/products/p26.jpg]
[transvelo.github.io/pizzaro-html/assets/images/products/p27.jpg]
[transvelo.github.io/pizzaro-html/shop-dark_list-2-column.html]
[transvelo.github.io/pizzaro-html/shop-dark-list-no-images.html]
[transvelo.github.io/pizzaro-html/assets/images/blog/blog-1.jpg]
[transvelo.github.io/pizzaro-html/assets/images/sidebar-about-1.jpg]
[transvelo.github.io/pizzaro-html/assets/images/sidebar-about-2.png]
[transvelo.github.io/pizzaro-html/assets/images/blog/blog-s-1.jpg]
[transvelo.github.io/pizzaro-html/blog.html]
[transvelo.github.io/pizzaro-html/blog-full-width.html]
[transvelo.github.io/pizzaro-html/blog-full-width-grid.html]
[transvelo.github.io/pizzaro-html/blog-grid.html]
[transvelo.github.io/pizzaro-html/assets/images/single-product/1.jpg]
[transvelo.github.io/pizzaro-html/assets/images/single-product/2.jpg]
[transvelo.github.io/pizzaro-html/assets/images/single-product/3.jpg]
[transvelo.github.io/pizzaro-html/assets/images/single-product/4.jpg]
[transvelo.github.io/pizzaro-html/assets/images/single-product/5.jpg]
[transvelo.github.io/pizzaro-html/assets/images/single-product/6.jpg]
[transvelo.github.io/pizzaro-html/assets/images/single-product/7.jpg]
[transvelo.github.io/pizzaro-html/single-product-v1.html]
[transvelo.github.io/pizzaro-html/single-product-v2.html]
[transvelo.github.io/pizzaro-html/single-product-v3.html]
[transvelo.github.io/pizzaro-html/contact.html]
[transvelo.github.io/pizzaro-html/terms-and-conditions.html]
[transvelo.github.io/pizzaro-html/faq-v1.html]
[transvelo.github.io/pizzaro-html/faq-v2.html]
[transvelo.github.io/pizzaro-html/404.html]
[transvelo.github.io/pizzaro-html/store-locator.html]
[transvelo.github.io/pizzaro-html/assets/images/products/1.png]
[transvelo.github.io/pizzaro-html/assets/images/products/2.jpg]
[transvelo.github.io/pizzaro-html/cart.html]
[transvelo.github.io/pizzaro-html/home-v1.html]
[www.paypalobjects.com/webstatic/mktg/logo/AM_mc_vs_dc_ae.jpg]
[transvelo.github.io/pizzaro-html/checkout.html]
[transvelo.github.io/pizzaro-html/order-received.html]
[transvelo.github.io/pizzaro-html/assets/fonts/glyphicons-halflings-regular.html]
[transvelo.github.io/pizzaro-html/assets/fonts/glyphicons-halflings-regulard41d.html]
[transvelo.github.io/pizzaro-html/assets/fonts/glyphicons-halflings-regular-2.html]
[transvelo.github.io/pizzaro-html/assets/fonts/glyphicons-halflings-regular-3.html]
[transvelo.github.io/pizzaro-html/assets/fonts/glyphicons-halflings-regular-4.html]
[transvelo.github.io/pizzaro-html/assets/fonts/glyphicons-halflings-regular-5.html]
[transvelo.github.io/pizzaro-html/assets/fonts/fontawesome-webfont914c.svg]
[transvelo.github.io/pizzaro-html/assets/fonts/font-pizzaro.svg]
[transvelo.github.io/pizzaro-html/assets/css/assets/images/grid.html]
[transvelo.github.io/pizzaro-html/assets/css/assets/images/dark-pat.html]
[transvelo.github.io/pizzaro-html/assets/css/assets/images/credit-cards/unknown.html]
[transvelo.github.io/pizzaro-html/assets/css/assets/images/credit-cards/visa.html]
[transvelo.github.io/pizzaro-html/assets/css/assets/images/credit-cards/mastercard.html]
[transvelo.github.io/pizzaro-html/assets/css/assets/images/credit-cards/laser.html]
[transvelo.github.io/pizzaro-html/assets/css/assets/images/credit-cards/diners.html]
[transvelo.github.io/pizzaro-html/assets/css/assets/images/credit-cards/maestro.html]
[transvelo.github.io/pizzaro-html/assets/css/assets/images/credit-cards/jcb.html]
[transvelo.github.io/pizzaro-html/assets/css/assets/images/credit-cards/amex.html]
[transvelo.github.io/pizzaro-html/assets/css/assets/images/credit-cards/discover.html]
[transvelo.github.io/pizzaro-html/assets/css/mCSB_buttons.html]
[transvelo.github.io/pizzaro-html/blog-single.html]
