[truelysell-admin.dreamguystech.com/template/index.html]
[backblue.gif]
[fade.gif]
[index.html]
[truelysell-admin.dreamguystech.com/template/assets/img/favicon.png]
[truelysell-admin.dreamguystech.com/template/assets/plugins/bootstrap/css/bootstrap.min.css]
[truelysell-admin.dreamguystech.com/template/assets/plugins/fontawesome/css/fontawesome.min.css]
[truelysell-admin.dreamguystech.com/template/assets/plugins/fontawesome/css/all.min.css]
[truelysell-admin.dreamguystech.com/template/assets/css/animate.min.css]
[truelysell-admin.dreamguystech.com/template/assets/css/admin.css]
[truelysell-admin.dreamguystech.com/template/assets/img/logo-icon.png]
[truelysell-admin.dreamguystech.com/template/admin-notification.html]
[truelysell-admin.dreamguystech.com/template/assets/img/provider/provider-01.jpg]
[truelysell-admin.dreamguystech.com/template/assets/img/provider/provider-02.jpg]
[truelysell-admin.dreamguystech.com/template/assets/img/provider/provider-03.jpg]
[truelysell-admin.dreamguystech.com/template/assets/img/provider/provider-04.jpg]
[truelysell-admin.dreamguystech.com/template/assets/img/provider/provider-05.jpg]
[truelysell-admin.dreamguystech.com/template/assets/img/provider/provider-06.jpg]
[truelysell-admin.dreamguystech.com/template/assets/img/provider/provider-07.jpg]
[truelysell-admin.dreamguystech.com/template/assets/img/user.jpg]
[truelysell-admin.dreamguystech.com/template/admin-profile.html]
[truelysell-admin.dreamguystech.com/template/login.html]
[truelysell-admin.dreamguystech.com/template/categories.html]
[truelysell-admin.dreamguystech.com/template/subcategories.html]
[truelysell-admin.dreamguystech.com/template/service-list.html]
[truelysell-admin.dreamguystech.com/template/total-report.html]
[truelysell-admin.dreamguystech.com/template/payment_list.html]
[truelysell-admin.dreamguystech.com/template/ratingstype.html]
[truelysell-admin.dreamguystech.com/template/review-reports.html]
[truelysell-admin.dreamguystech.com/template/subscriptions.html]
[truelysell-admin.dreamguystech.com/template/wallet.html]
[truelysell-admin.dreamguystech.com/template/service-providers.html]
[truelysell-admin.dreamguystech.com/template/settings.html]
[truelysell-admin.dreamguystech.com/template/chat.html]
[truelysell-admin.dreamguystech.com/template/calendar.html]
[truelysell-admin.dreamguystech.com/template/inbox.html]
[truelysell-admin.dreamguystech.com/template/register.html]
[truelysell-admin.dreamguystech.com/template/forgot-password.html]
[truelysell-admin.dreamguystech.com/template/lock-screen.html]
[truelysell-admin.dreamguystech.com/template/error-404.html]
[truelysell-admin.dreamguystech.com/template/error-500.html]
[truelysell-admin.dreamguystech.com/template/users.html]
[truelysell-admin.dreamguystech.com/template/blank-page.html]
[truelysell-admin.dreamguystech.com/template/maps-vector.html]
[truelysell-admin.dreamguystech.com/template/components.html]
[truelysell-admin.dreamguystech.com/template/form-basic-inputs.html]
[truelysell-admin.dreamguystech.com/template/form-input-groups.html]
[truelysell-admin.dreamguystech.com/template/form-horizontal.html]
[truelysell-admin.dreamguystech.com/template/form-vertical.html]
[truelysell-admin.dreamguystech.com/template/form-mask.html]
[truelysell-admin.dreamguystech.com/template/form-validation.html]
[truelysell-admin.dreamguystech.com/template/tables-basic.html]
[truelysell-admin.dreamguystech.com/template/data-tables.html]
[truelysell-admin.dreamguystech.com/template/assets/img/customer/user-05.jpg]
[truelysell-admin.dreamguystech.com/template/assets/img/customer/user-06.jpg]
[truelysell-admin.dreamguystech.com/template/assets/img/customer/user-07.jpg]
[truelysell-admin.dreamguystech.com/template/assets/img/customer/user-08.jpg]
[truelysell-admin.dreamguystech.com/template/assets/img/customer/user-09.jpg]
[truelysell-admin.dreamguystech.com/template/assets/img/customer/user-02.jpg]
[truelysell-admin.dreamguystech.com/template/assets/img/customer/user-03.jpg]
[truelysell-admin.dreamguystech.com/template/assets/img/customer/user-04.jpg]
[truelysell-admin.dreamguystech.com/template/assets/js/jquery-3.6.0.min.js]
[truelysell-admin.dreamguystech.com/template/assets/js/popper.min.js]
[truelysell-admin.dreamguystech.com/template/assets/plugins/bootstrap/js/bootstrap.bundle.min.js]
[truelysell-admin.dreamguystech.com/template/assets/plugins/slimscroll/jquery.slimscroll.min.js]
[truelysell-admin.dreamguystech.com/template/assets/js/admin.js]
[truelysell-admin.dreamguystech.com/template/index.html]
[truelysell-admin.dreamguystech.com/template/assets/plugins/bootstrap/css/bootstrap.min.css]
[truelysell-admin.dreamguystech.com/template/assets/plugins/fontawesome/css/fontawesome.min.css]
[truelysell-admin.dreamguystech.com/template/assets/plugins/fontawesome/webfonts/fa-brands-400.eot]
[truelysell-admin.dreamguystech.com/template/assets/plugins/fontawesome/webfonts/fa-brands-400d41d.eot]
[truelysell-admin.dreamguystech.com/template/assets/plugins/fontawesome/webfonts/fa-brands-400.woff]
[truelysell-admin.dreamguystech.com/template/assets/plugins/fontawesome/webfonts/fa-brands-400.ttf]
[truelysell-admin.dreamguystech.com/template/assets/plugins/fontawesome/webfonts/fa-regular-400.eot]
[truelysell-admin.dreamguystech.com/template/assets/plugins/fontawesome/webfonts/fa-brands-400.svg]
[truelysell-admin.dreamguystech.com/template/assets/plugins/fontawesome/webfonts/fa-regular-400d41d.eot]
[truelysell-admin.dreamguystech.com/template/assets/plugins/fontawesome/webfonts/fa-regular-400.woff]
[truelysell-admin.dreamguystech.com/template/assets/plugins/fontawesome/webfonts/fa-regular-400.ttf]
[truelysell-admin.dreamguystech.com/template/assets/plugins/fontawesome/webfonts/fa-regular-400.svg]
[truelysell-admin.dreamguystech.com/template/assets/plugins/fontawesome/webfonts/fa-solid-900.eot]
[truelysell-admin.dreamguystech.com/template/assets/plugins/fontawesome/webfonts/fa-solid-900d41d.eot]
[truelysell-admin.dreamguystech.com/template/assets/plugins/fontawesome/webfonts/fa-solid-900.woff]
[truelysell-admin.dreamguystech.com/template/assets/plugins/fontawesome/webfonts/fa-solid-900.ttf]
[truelysell-admin.dreamguystech.com/template/assets/plugins/fontawesome/css/all.min.css]
[truelysell-admin.dreamguystech.com/template/assets/css/animate.min.css]
[truelysell-admin.dreamguystech.com/template/assets/plugins/fontawesome/webfonts/fa-solid-900.svg]
[truelysell-admin.dreamguystech.com/template/assets/fonts/CircularStd-Book.woff]
[truelysell-admin.dreamguystech.com/template/assets/fonts/CircularStd-BookItalic.woff]
[truelysell-admin.dreamguystech.com/template/assets/fonts/CircularStd-Medium.woff]
[truelysell-admin.dreamguystech.com/template/assets/fonts/CircularStd-MediumItalic.woff]
[truelysell-admin.dreamguystech.com/template/assets/fonts/CircularStd-Bold.woff]
[truelysell-admin.dreamguystech.com/template/assets/fonts/CircularStd-BoldItalic.woff]
[truelysell-admin.dreamguystech.com/template/assets/fonts/CircularStd-Black.woff]
[truelysell-admin.dreamguystech.com/template/assets/fonts/CircularStd-BlackItalic.woff]
[truelysell-admin.dreamguystech.com/template/assets/fonts/MaterialIcons-Regular.eot]
[truelysell-admin.dreamguystech.com/template/assets/fonts/MaterialIcons-Regular.woff]
[truelysell-admin.dreamguystech.com/template/assets/fonts/MaterialIcons-Regular.ttf]
[truelysell-admin.dreamguystech.com/template/assets/img/category/up-down-image-arrow.jpg]
[truelysell-admin.dreamguystech.com/template/assets/img/category/alert-image.png]
[truelysell-admin.dreamguystech.com/template/assets/css/admin.css]
[truelysell.com/assets/img/user.jpg]
[truelysell-admin.dreamguystech.com/template/admin-notification.html]
[truelysell-admin.dreamguystech.com/template/assets/img/profiles/avatar-02.jpg]
[truelysell-admin.dreamguystech.com/cdn-cgi/scripts/5c5dd728/cloudflare-static/email-decode.min.js]
[truelysell-admin.dreamguystech.com/template/assets/js/moment.min.js]
[truelysell-admin.dreamguystech.com/template/assets/js/bootstrap-datetimepicker.min.js]
[truelysell-admin.dreamguystech.com/template/assets/plugins/datatables/jquery.dataTables.min.js]
[truelysell-admin.dreamguystech.com/template/assets/plugins/datatables/datatables.min.js]
[truelysell-admin.dreamguystech.com/template/admin-profile.html]
[truelysell-admin.dreamguystech.com/template/login.html]
[truelysell-admin.dreamguystech.com/template/assets/js/select2.min.js]
[truelysell-admin.dreamguystech.com/template/assets/css/bootstrap-datetimepicker.min.css]
[truelysell-admin.dreamguystech.com/template/assets/plugins/datatables/datatables.min.css]
[truelysell-admin.dreamguystech.com/template/assets/css/select2.min.css]
[truelysell-admin.dreamguystech.com/template/add-category.html]
[truelysell-admin.dreamguystech.com/template/assets/img/category/category-01.jpg]
[truelysell-admin.dreamguystech.com/template/edit-category.html]
[truelysell-admin.dreamguystech.com/template/assets/img/category/category-02.jpg]
[truelysell-admin.dreamguystech.com/template/assets/img/category/category-03.jpg]
[truelysell-admin.dreamguystech.com/template/assets/img/category/category-04.jpg]
[truelysell-admin.dreamguystech.com/template/assets/img/category/category-05.jpg]
[truelysell-admin.dreamguystech.com/template/assets/img/category/category-06.jpg]
[truelysell-admin.dreamguystech.com/template/assets/img/category/category-07.jpg]
[truelysell-admin.dreamguystech.com/template/assets/img/category/category-08.jpg]
[truelysell-admin.dreamguystech.com/template/assets/img/category/category-09.jpg]
[truelysell-admin.dreamguystech.com/template/categories.html]
[truelysell-admin.dreamguystech.com/template/add-subcategory.html]
[truelysell-admin.dreamguystech.com/template/assets/img/sub-category/sub-category-01.jpg]
[truelysell-admin.dreamguystech.com/template/edit-subcategory.html]
[truelysell-admin.dreamguystech.com/template/assets/img/sub-category/sub-category-02.jpg]
[truelysell-admin.dreamguystech.com/template/assets/img/sub-category/sub-category-03.jpg]
[truelysell-admin.dreamguystech.com/template/assets/img/sub-category/sub-category-04.jpg]
[truelysell-admin.dreamguystech.com/template/assets/img/sub-category/sub-category-05.jpg]
[truelysell-admin.dreamguystech.com/template/assets/img/sub-category/sub-category-06.jpg]
[truelysell-admin.dreamguystech.com/template/assets/img/sub-category/sub-category-07.jpg]
[truelysell-admin.dreamguystech.com/template/assets/img/sub-category/sub-category-08.jpg]
[truelysell-admin.dreamguystech.com/template/assets/img/sub-category/sub-category-09.jpg]
[truelysell-admin.dreamguystech.com/template/assets/img/sub-category/sub-category-10.jpg]
[truelysell-admin.dreamguystech.com/template/subcategories.html]
[truelysell-admin.dreamguystech.com/template/service-details.html]
[truelysell-admin.dreamguystech.com/template/assets/img/services/service-01.jpg]
[truelysell-admin.dreamguystech.com/template/assets/img/services/service-02.jpg]
[truelysell-admin.dreamguystech.com/template/assets/img/services/service-03.jpg]
[truelysell-admin.dreamguystech.com/template/assets/img/services/service-04.jpg]
[truelysell-admin.dreamguystech.com/template/assets/img/services/service-05.jpg]
[truelysell-admin.dreamguystech.com/template/assets/img/services/service-06.jpg]
[truelysell-admin.dreamguystech.com/template/assets/img/services/service-07.jpg]
[truelysell-admin.dreamguystech.com/template/assets/img/services/service-08.jpg]
[truelysell-admin.dreamguystech.com/template/assets/img/services/service-09.jpg]
[truelysell-admin.dreamguystech.com/template/assets/img/services/service-10.jpg]
[truelysell-admin.dreamguystech.com/template/assets/img/services/service-11.jpg]
[truelysell-admin.dreamguystech.com/template/assets/img/services/service-12.jpg]
[truelysell-admin.dreamguystech.com/template/service-list.html]
[truelysell-admin.dreamguystech.com/template/pending-report.html]
[truelysell-admin.dreamguystech.com/template/inprogress-report.html]
[truelysell-admin.dreamguystech.com/template/complete-report.html]
[truelysell-admin.dreamguystech.com/template/reject-report.html]
[truelysell-admin.dreamguystech.com/template/cancel-report.html]
[truelysell-admin.dreamguystech.com/template/assets/img/customer/user-01.jpg]
[truelysell-admin.dreamguystech.com/template/assets/img/provider/provider-08.jpg]
[truelysell-admin.dreamguystech.com/template/assets/img/provider/provider-09.jpg]
[truelysell-admin.dreamguystech.com/template/assets/img/customer/user-10.jpg]
[truelysell-admin.dreamguystech.com/template/assets/img/provider/provider-10.jpg]
[truelysell-admin.dreamguystech.com/template/total-report.html]
[truelysell-admin.dreamguystech.com/template/payment_list.html]
[truelysell-admin.dreamguystech.com/template/add-ratingstype.html]
[truelysell-admin.dreamguystech.com/template/ratingstype.html]
[truelysell-admin.dreamguystech.com/template/review-reports.html]
[truelysell-admin.dreamguystech.com/template/edit-ratingstype.html]
[truelysell-admin.dreamguystech.com/template/add-subscription.html]
[truelysell-admin.dreamguystech.com/template/subscriptions.html]
[truelysell-admin.dreamguystech.com/template/edit-subscription.html]
[truelysell-admin.dreamguystech.com/template/wallet.html]
[truelysell-admin.dreamguystech.com/template/service-providers.html]
[truelysell-admin.dreamguystech.com/template/wallet-history.html]
[truelysell-admin.dreamguystech.com/template/emailsettings.html]
[truelysell-admin.dreamguystech.com/template/stripe_payment_gateway.html]
[truelysell-admin.dreamguystech.com/template/sms-settings.html]
[truelysell-admin.dreamguystech.com/template/assets/img/logo.png]
[truelysell-admin.dreamguystech.com/template/settings.html]
[truelysell-admin.dreamguystech.com/template/assets/img/profiles/avatar-03.jpg]
[truelysell-admin.dreamguystech.com/template/assets/img/profiles/avatar-04.jpg]
[truelysell-admin.dreamguystech.com/template/assets/img/profiles/avatar-05.jpg]
[truelysell-admin.dreamguystech.com/template/assets/img/profiles/avatar-06.jpg]
[truelysell-admin.dreamguystech.com/template/assets/img/profiles/avatar-07.jpg]
[truelysell-admin.dreamguystech.com/template/assets/img/profiles/avatar-08.jpg]
[truelysell-admin.dreamguystech.com/template/assets/img/profiles/avatar-09.jpg]
[truelysell-admin.dreamguystech.com/template/assets/img/profiles/avatar-10.jpg]
[truelysell-admin.dreamguystech.com/template/assets/img/profiles/avatar-11.jpg]
[truelysell-admin.dreamguystech.com/template/assets/img/profiles/avatar-12.jpg]
[truelysell-admin.dreamguystech.com/template/assets/img/product/product-01.jpg]
[truelysell-admin.dreamguystech.com/template/chat.html]
[truelysell-admin.dreamguystech.com/template/assets/plugins/fullcalendar/fullcalendar.min.css]
[truelysell-admin.dreamguystech.com/template/assets/js/jquery-ui.min.js]
[truelysell-admin.dreamguystech.com/template/assets/plugins/fullcalendar/fullcalendar.min.js]
[truelysell-admin.dreamguystech.com/template/assets/plugins/fullcalendar/jquery.fullcalendar.js]
[truelysell-admin.dreamguystech.com/template/calendar.html]
[truelysell-admin.dreamguystech.com/template/compose.html]
[truelysell-admin.dreamguystech.com/template/mail-view.html]
[truelysell-admin.dreamguystech.com/template/inbox.html]
[truelysell-admin.dreamguystech.com/template/register.html]
[truelysell-admin.dreamguystech.com/template/forgot-password.html]
[truelysell-admin.dreamguystech.com/template/lock-screen.html]
[truelysell-admin.dreamguystech.com/template/error-404.html]
[truelysell-admin.dreamguystech.com/template/error-500.html]
[truelysell-admin.dreamguystech.com/template/users.html]
[truelysell-admin.dreamguystech.com/template/blank-page.html]
[truelysell-admin.dreamguystech.com/template/assets/plugins/jvectormap/jquery-jvectormap-2.0.3.css]
[truelysell-admin.dreamguystech.com/template/assets/plugins/jvectormap/jquery-jvectormap-2.0.3.min.js]
[truelysell-admin.dreamguystech.com/template/assets/plugins/jvectormap/jquery-jvectormap-world-mill.js]
[truelysell-admin.dreamguystech.com/template/assets/plugins/jvectormap/jquery-jvectormap-ru-mill.js]
[truelysell-admin.dreamguystech.com/template/assets/plugins/jvectormap/jquery-jvectormap-us-aea.js]
[truelysell-admin.dreamguystech.com/template/assets/plugins/jvectormap/jquery-jvectormap-uk_countries-mill.js]
[truelysell-admin.dreamguystech.com/template/assets/plugins/jvectormap/jquery-jvectormap-in-mill.js]
[truelysell-admin.dreamguystech.com/template/assets/js/jvectormap.js]
[truelysell-admin.dreamguystech.com/template/maps-vector.html]
[truelysell-admin.dreamguystech.com/template/assets/img/img-01.jpg]
[truelysell-admin.dreamguystech.com/template/components.html]
[truelysell-admin.dreamguystech.com/template/form-basic-inputs.html]
[truelysell-admin.dreamguystech.com/template/form-input-groups.html]
[truelysell-admin.dreamguystech.com/template/form-horizontal.html]
[truelysell-admin.dreamguystech.com/template/form-vertical.html]
[truelysell-admin.dreamguystech.com/template/assets/js/jquery.maskedinput.min.js]
[truelysell-admin.dreamguystech.com/template/assets/js/mask.js]
[truelysell-admin.dreamguystech.com/template/form-mask.html]
[truelysell-admin.dreamguystech.com/template/form-validation.html]
[truelysell-admin.dreamguystech.com/template/tables-basic.html]
[truelysell-admin.dreamguystech.com/template/data-tables.html]
[truelysell-admin.dreamguystech.com/template/assets/plugins/fontawesome/webfonts/fa-brands-400.html]
[truelysell-admin.dreamguystech.com/template/assets/plugins/fontawesome/webfonts/fa-brands-400.svg]
[truelysell-admin.dreamguystech.com/template/assets/plugins/fontawesome/webfonts/fa-regular-400.html]
[truelysell-admin.dreamguystech.com/template/assets/plugins/fontawesome/webfonts/fa-regular-400.svg]
[truelysell-admin.dreamguystech.com/template/assets/plugins/fontawesome/webfonts/fa-solid-900.html]
[truelysell-admin.dreamguystech.com/template/assets/plugins/fontawesome/webfonts/fa-solid-900.svg]
[truelysell-admin.dreamguystech.com/template/assets/fonts/MaterialIcons-Regular.html]
[truelysell-admin.dreamguystech.com/template/assets/css/bootstrap-datetimepicker.min.css]
[truelysell-admin.dreamguystech.com/template/assets/plugins/datatables/datatables.min.css]
[truelysell-admin.dreamguystech.com/template/assets/css/select2.min.css]
[truelysell-admin.dreamguystech.com/template/add-category.html]
[truelysell-admin.dreamguystech.com/template/edit-category.html]
[truelysell-admin.dreamguystech.com/template/add-subcategory.html]
[truelysell-admin.dreamguystech.com/template/subcategories]
[truelysell-admin.dreamguystech.com/template/edit-subcategory.html]
[truelysell-admin.dreamguystech.com/template/assets/plugins/owlcarousel/owl.carousel.min.css]
[truelysell-admin.dreamguystech.com/template/assets/plugins/owlcarousel/owl.theme.default.min.css]
[truelysell-admin.dreamguystech.com/template/assets/plugins/owlcarousel/owl.carousel.min.js]
[truelysell-admin.dreamguystech.com/template/service-details.html]
[truelysell-admin.dreamguystech.com/template/pending-report.html]
[truelysell-admin.dreamguystech.com/template/inprogress-report.html]
[truelysell-admin.dreamguystech.com/template/complete-report.html]
[truelysell-admin.dreamguystech.com/template/reject-report.html]
[truelysell-admin.dreamguystech.com/template/cancel-report.html]
[truelysell-admin.dreamguystech.com/template/add-ratingstype.html]
[truelysell-admin.dreamguystech.com/template/edit-ratingstype.html]
[truelysell-admin.dreamguystech.com/template/add-subscription.html]
[truelysell-admin.dreamguystech.com/template/edit-subscription.html]
[truelysell-admin.dreamguystech.com/template/wallet-history.html]
[truelysell-admin.dreamguystech.com/template/emailsettings.html]
[truelysell-admin.dreamguystech.com/template/stripe_payment_gateway.html]
[truelysell-admin.dreamguystech.com/template/sms-settings.html]
[truelysell-admin.dreamguystech.com/template/assets/plugins/fullcalendar/fullcalendar.min.css]
[truelysell-admin.dreamguystech.com/template/compose.html]
[truelysell-admin.dreamguystech.com/template/mail-view.html]
[truelysell-admin.dreamguystech.com/template/assets/plugins/jvectormap/jquery-jvectormap-2.0.3.css]
[truelysell-admin.dreamguystech.com/template/subcategories-2.html]
[truelysell-admin.dreamguystech.com/template/assets/plugins/owlcarousel/owl.video.play.png]
[truelysell-admin.dreamguystech.com/template/assets/plugins/owlcarousel/owl.carousel.min.css]
[truelysell-admin.dreamguystech.com/template/assets/plugins/owlcarousel/owl.theme.default.min.css]
